// Jest Snapshot v1, https://goo.gl/fbAQLP

exports[`Login should match the snapshot 1`] = `
<View
  style={
    Object {
      "flex": 1,
    }
  }
>
  <View
    accessibilityIgnoresInvertColors={true}
    style={
      Object {
        "flex": 1,
        "justifyContent": "center",
        "resizeMode": "cover",
        "right": 0,
      }
    }
  >
    <Image
      source={
        Object {
          "testUri": "../../../src/assets/img/neonBg.jpeg",
        }
      }
      style={
        Array [
          Object {
            "bottom": 0,
            "left": 0,
            "position": "absolute",
            "right": 0,
            "top": 0,
          },
          Object {
            "height": undefined,
            "width": undefined,
          },
          undefined,
        ]
      }
    />
    <View
      style={
        Object {
          "padding": 30,
        }
      }
    >
      <View
        style={
          Array [
            Object {
              "backgroundColor": "rgba(15, 15, 15, 0.85)",
              "borderRadius": 12,
              "padding": 20,
              "width": "100%",
            },
            Object {
              "elevation": 5,
              "shadowColor": "#000000",
              "shadowOffset": Object {
                "height": 2,
                "width": 0,
              },
              "shadowOpacity": 0.25,
              "shadowRadius": 3.84,
            },
          ]
        }
      >
        <Text
          style={
            Object {
              "color": "#fff",
              "fontSize": 75,
              "fontWeight": "bold",
              "marginBottom": 20,
              "textAlign": "center",
            }
          }
        >
          Moovy
        </Text>
        <TextInput
          accessibilityHint="Enter your username"
          accessibilityLabel="Username"
          allowFontScaling={true}
          autoCapitalize="none"
          onChangeText={[Function]}
          placeholder="Username"
          rejectResponderTermination={true}
          style={
            Array [
              Object {
                "fontSize": 16,
                "fontWeight": "400",
              },
              Object {
                "backgroundColor": "#dfe3ec",
                "borderBottomWidth": 0.5,
                "borderRadius": 4,
                "marginVertical": 15,
                "paddingHorizontal": 15,
                "paddingVertical": 5,
              },
              null,
            ]
          }
          underlineColorAndroid="transparent"
          value=""
        />
        <TextInput
          accessibilityHint="Enter your password"
          accessibilityLabel="Password"
          allowFontScaling={true}
          autoCapitalize="none"
          onChangeText={[Function]}
          placeholder="Password"
          rejectResponderTermination={true}
          secureTextEntry={true}
          style={
            Array [
              Object {
                "fontSize": 16,
                "fontWeight": "400",
              },
              Object {
                "backgroundColor": "#dfe3ec",
                "borderBottomWidth": 0.5,
                "borderRadius": 4,
                "marginVertical": 15,
                "paddingHorizontal": 15,
                "paddingVertical": 5,
              },
              null,
            ]
          }
          textContentType="password"
          underlineColorAndroid="transparent"
          value=""
        />
        <View
          accessible={true}
          focusable={true}
          onClick={[Function]}
          onResponderGrant={[Function]}
          onResponderMove={[Function]}
          onResponderRelease={[Function]}
          onResponderTerminate={[Function]}
          onResponderTerminationRequest={[Function]}
          onStartShouldSetResponder={[Function]}
          style={
            Object {
              "alignItems": "center",
              "backgroundColor": "#0578ff",
              "borderRadius": 4,
              "color": "#fff",
              "justifyContent": "center",
              "marginTop": 20,
              "opacity": 1,
              "padding": 10,
              "width": "100%",
            }
          }
        >
          <Text
            style={
              Array [
                Object {
                  "fontSize": 16,
                  "fontWeight": "700",
                },
                null,
                Object {
                  "color": "#fff",
                },
              ]
            }
          >
            Login
          </Text>
        </View>
      </View>
    </View>
  </View>
</View>
`;
